---
source: src/graph8.rs
expression: data
snapshot_kind: text
---
01,02,13
01,02,23
02,12,13
01,12,23
01,02,13
01,13,23
01,02,23
02,13,23
01,13,23
02,13,23
01,12,23
02,12,13
